context/CartContext.tsx(11,28): error TS2307: Cannot find module '@/types/ticket' or its corresponding type declarations.
context/CartContext.tsx(12,27): error TS2307: Cannot find module '@/types/event' or its corresponding type declarations.
context/CartContext.tsx(13,25): error TS2307: Cannot find module '@/lib/models/Config' or its corresponding type declarations.
lib/checkAndUpdateVerificationKey.ts(1,23): error TS2307: Cannot find module '@/lib/models/TicketKey' or its corresponding type declarations.
lib/configUtils.ts(1,22): error TS2307: Cannot find module 'mongoose' or its corresponding type declarations.
lib/configUtils.ts(2,33): error TS2307: Cannot find module '../lib/models/Config' or its corresponding type declarations.
lib/db.ts(1,22): error TS2307: Cannot find module 'mongoose' or its corresponding type declarations.
lib/functions.ts(2,19): error TS2307: Cannot find module 'axios' or its corresponding type declarations.
lib/generateTicketPDF.ts(1,49): error TS2307: Cannot find module 'pdf-lib' or its corresponding type declarations.
lib/generateTicketPDF.ts(2,20): error TS2307: Cannot find module 'qrcode' or its corresponding type declarations.
lib/jwt.ts(3,17): error TS2307: Cannot find module 'jsonwebtoken' or its corresponding type declarations.
lib/jwt.ts(4,89): error TS2307: Cannot find module '@/types/auth' or its corresponding type declarations.
lib/mailer.ts(2,24): error TS2307: Cannot find module 'nodemailer' or its corresponding type declarations.
lib/mailer.ts(3,28): error TS2307: Cannot find module 'nodemailer/lib/mailer' or its corresponding type declarations.
lib/models/Profile.ts(1,22): error TS2307: Cannot find module 'mongoose' or its corresponding type declarations.
lib/models/Social.ts(1,22): error TS2307: Cannot find module 'mongoose' or its corresponding type declarations.
lib/models/User.ts(1,22): error TS2307: Cannot find module 'mongoose' or its corresponding type declarations.
lib/payments.ts(2,19): error TS2307: Cannot find module 'axios' or its corresponding type declarations.
lib/payments.ts(3,31): error TS2307: Cannot find module './models/PaymentIntent' or its corresponding type declarations.
lib/paystack.ts(1,19): error TS2307: Cannot find module 'axios' or its corresponding type declarations.
lib/pdf-generator.ts(1,29): error TS2307: Cannot find module '@/types/ticket' or its corresponding type declarations.
lib/pdf-generator.ts(2,25): error TS2307: Cannot find module 'pdfkit' or its corresponding type declarations.
lib/statistics.ts(2,23): error TS2307: Cannot find module '@/lib/models/Event' or its corresponding type declarations.
lib/statistics.ts(3,19): error TS2307: Cannot find module '@/lib/models/Order' or its corresponding type declarations.
lib/statistics.ts(4,23): error TS2307: Cannot find module '@/lib/models/TicketKey' or its corresponding type declarations.
lib/statistics.ts(5,20): error TS2307: Cannot find module '@/lib/models/Ticket' or its corresponding type declarations.
lib/statistics.ts(6,29): error TS2307: Cannot find module '@/types/ticket' or its corresponding type declarations.
lib/statistics.ts(7,19): error TS2307: Cannot find module 'dayjs' or its corresponding type declarations.
lib/statistics.ts(12,36): error TS7006: Parameter 'event' implicitly has an 'any' type.
lib/statistics.ts(18,32): error TS7006: Parameter 'order' implicitly has an 'any' type.
lib/statistics.ts(35,36): error TS7006: Parameter 'event' implicitly has an 'any' type.
lib/statistics.ts(41,32): error TS7006: Parameter 'order' implicitly has an 'any' type.
lib/statistics.ts(52,40): error TS7006: Parameter 'o' implicitly has an 'any' type.
lib/statistics.ts(58,37): error TS2339: Property 'find' does not exist on type '{}'.
lib/statistics.ts(74,32): error TS7006: Parameter 'e' implicitly has an 'any' type.
lib/statistics.ts(88,32): error TS7006: Parameter 'o' implicitly has an 'any' type.
lib/statistics.ts(107,40): error TS7006: Parameter 'o' implicitly has an 'any' type.
lib/statistics.ts(114,37): error TS2339: Property 'find' does not exist on type '{}'.
lib/statistics.ts(155,32): error TS7006: Parameter 'e' implicitly has an 'any' type.
lib/statistics.ts(168,40): error TS7006: Parameter 'sum' implicitly has an 'any' type.
lib/statistics.ts(168,45): error TS7006: Parameter 't' implicitly has an 'any' type.
lib/statistics.ts(170,40): error TS7006: Parameter 'sum' implicitly has an 'any' type.
lib/statistics.ts(170,45): error TS7006: Parameter 't' implicitly has an 'any' type.
lib/statistics.ts(179,12): error TS7006: Parameter 'owners' implicitly has an 'any' type.
lib/statistics.ts(198,40): error TS7006: Parameter 'e' implicitly has an 'any' type.
lib/statistics.ts(207,40): error TS7006: Parameter 'o' implicitly has an 'any' type.
lib/statistics.ts(209,32): error TS7006: Parameter 'o' implicitly has an 'any' type.
lib/statistics.ts(226,52): error TS7006: Parameter 'tk' implicitly has an 'any' type.
lib/statistics.ts(230,45): error TS7006: Parameter 't' implicitly has an 'any' type.
lib/statistics.ts(237,30): error TS2339: Property 'tickets' does not exist on type '{}'.
lib/statistics.ts(242,27): error TS2339: Property 'eventId' does not exist on type '{}'.
lib/statistics.ts(255,31): error TS2345: Argument of type '{ tickets: number; revenue: any; name: {}; }' is not assignable to parameter of type '{ name: string; tickets: number; revenue: number; }'.
  Types of property 'name' are incompatible.
    Type '{}' is not assignable to type 'string'.
lib/utils.ts(1,39): error TS2307: Cannot find module 'clsx' or its corresponding type declarations.
lib/utils.ts(2,25): error TS2307: Cannot find module 'tailwind-merge' or its corresponding type declarations.
src/app/api/auth/login/route.ts(3,20): error TS2307: Cannot find module 'bcryptjs' or its corresponding type declarations.
src/app/api/auth/reset/password/route.ts(2,20): error TS2307: Cannot find module 'bcrypt' or its corresponding type declarations.
src/app/api/auth/signup/route.ts(4,20): error TS2307: Cannot find module 'bcrypt' or its corresponding type declarations.
src/app/api/auth/verify/route.ts(2,27): error TS2307: Cannot find module 'cookie' or its corresponding type declarations.
src/app/api/auth/verify/route.ts(4,36): error TS2307: Cannot find module '@/types/auth' or its corresponding type declarations.
src/app/api/auth/verify/route.ts(8,20): error TS2307: Cannot find module '@/lib/models/Wallet' or its corresponding type declarations.
